// Jest Snapshot v1, https://goo.gl/fbAQLP

exports[`Item renders correctly 1`] = `
<div>
  <img
    alt={undefined}
    src={undefined}
  />
  <h3 />
</div>
`;
